// Jest Snapshot v1, https://goo.gl/fbAQLP

exports[`should render correctly 1`] = `
<nav
  className="navbar"
>
  <div
    className="container"
  >
    <div
      className="navGroup"
    >
      <button
        className="btn active"
        onClick={[Function]}
      >
        One
      </button>
      <button
        className="btn"
        onClick={[Function]}
      >
        Two
      </button>
    </div>
    <div
      className="navGroup alignRight"
    >
      <button
        className="btn"
        onClick={[Function]}
      >
        Three
      </button>
    </div>
  </div>
</nav>
`;
