// Jest Snapshot v1, https://goo.gl/fbAQLP

exports[`renders correctly 1`] = `
<div
  role="tablist"
>
  <button
    aria-selected={false}
    className=""
    onClick={[Function]}
    role="tab"
    tabIndex={-1}
    type="button"
  />
  <button
    aria-selected={false}
    className=""
    onClick={[Function]}
    role="tab"
    tabIndex={-1}
    type="button"
  />
  <button
    aria-selected={false}
    className=""
    onClick={[Function]}
    role="tab"
    tabIndex={-1}
    type="button"
  />
  <button
    aria-selected={true}
    className="undefined"
    onClick={[Function]}
    role="tab"
    tabIndex={-1}
    type="button"
  />
  <button
    aria-selected={false}
    className=""
    onClick={[Function]}
    role="tab"
    tabIndex={-1}
    type="button"
  />
</div>
`;
