// Jest Snapshot v1, https://goo.gl/fbAQLP

exports[`should render correctly 1`] = `
Array [
  <div
    className="container"
  >
    <input
      className="input"
      onBlur={[Function]}
      onChange={[Function]}
      onFocus={[Function]}
      onKeyPress={[Function]}
      pattern="\\\\d{4}/\\\\d{2}/\\\\d{2}"
      type="search"
      value="2018/11/12"
    />
  </div>,
  <div
    className="container"
  >
    <input
      className="input"
      onBlur={[Function]}
      onChange={[Function]}
      onFocus={[Function]}
      onKeyPress={[Function]}
      pattern="\\\\d{4}/\\\\d{2}/\\\\d{2}"
      type="search"
      value="201"
    />
  </div>,
]
`;
