// Jest Snapshot v1, https://goo.gl/fbAQLP

exports[`should render correctly 1`] = `
<div
  className="menu"
  role="menu"
>
  <div
    className="divider heading"
  >
    <h6
      className="heading"
    >
      Testing
    </h6>
  </div>
  <button
    className="menuItem"
    role="menuitem"
  >
    One
  </button>
  <button
    className="menuItem selected"
    role="menuitem"
  >
    Two
  </button>
  <button
    className="menuItem"
    role="menuitem"
  >
    Three
  </button>
  <div
    className="divider"
    role="separator"
  />
  <button
    className="menuItem"
    role="menuitem"
  >
    Four
  </button>
</div>
`;
